// Jest Snapshot v1, https://goo.gl/fbAQLP

exports[`PartsService returns parts of given part number 1`] = `
[
  {
    "description": "Conn Housing RCP 2 POS 1.25mm Crimp ST Cable Mount Natural PicoBlade™ Bag",
    "manufacturerLeadTime": 8,
    "manufacturerName": "Molex",
    "name": "0510210200",
    "packaging": [
      {
        "minimumOrderQuantity": "1",
        "priceBreaks": [],
        "quantityAvailable": "856",
        "supplier": "Arrow",
        "type": "EACH",
        "unitPrice": "0.0773",
      },
      {
        "minimumOrderQuantity": "857",
        "priceBreaks": [],
        "quantityAvailable": "4467",
        "supplier": "Arrow",
        "type": "EACH",
        "unitPrice": "0.0725",
      },
      {
        "minimumOrderQuantity": "4468",
        "priceBreaks": [],
        "quantityAvailable": "15220",
        "supplier": "Arrow",
        "type": "EACH",
        "unitPrice": "0.0651",
      },
      {
        "minimumOrderQuantity": "15221",
        "priceBreaks": [],
        "quantityAvailable": "24488659620",
        "supplier": "Arrow",
        "type": "EACH",
        "unitPrice": "0.0545",
      },
    ],
    "productDoc": "https://download.siliconexpert.com/pdfs2/2023/3/7/6/25/48/761619/mol_/manual/0510210200_crimp_housings.pdf",
    "productImageUrl": "",
    "productUrl": "https://my.arrow.com/products/2384_06516206",
    "sourceParts": [],
    "specifications": [],
    "totalStock": 0,
  },
  {
    "description": "Conn Housing RCP 2 POS 1.25mm Crimp ST Cable Mount Natural PicoBlade™ Bag",
    "manufacturerLeadTime": 8,
    "manufacturerName": "Molex",
    "name": "0510210200",
    "packaging": [
      {
        "minimumOrderQuantity": "1",
        "priceBreaks": [],
        "quantityAvailable": "856",
        "supplier": "Arrow",
        "type": "EACH",
        "unitPrice": "0.0773",
      },
      {
        "minimumOrderQuantity": "857",
        "priceBreaks": [],
        "quantityAvailable": "4467",
        "supplier": "Arrow",
        "type": "EACH",
        "unitPrice": "0.0725",
      },
      {
        "minimumOrderQuantity": "4468",
        "priceBreaks": [],
        "quantityAvailable": "15220",
        "supplier": "Arrow",
        "type": "EACH",
        "unitPrice": "0.0651",
      },
      {
        "minimumOrderQuantity": "15221",
        "priceBreaks": [],
        "quantityAvailable": "24488659620",
        "supplier": "Arrow",
        "type": "EACH",
        "unitPrice": "0.0545",
      },
    ],
    "productDoc": "https://download.siliconexpert.com/pdfs2/2023/3/7/6/25/48/761619/mol_/manual/0510210200_crimp_housings.pdf",
    "productImageUrl": "",
    "productUrl": "https://my.arrow.com/products/2381_06516206",
    "sourceParts": [],
    "specifications": [],
    "totalStock": 0,
  },
  {
    "description": "Conn Housing RCP 2 POS 1.25mm Crimp ST Cable Mount Natural PicoBlade™ Bag",
    "manufacturerLeadTime": 10,
    "manufacturerName": "Molex",
    "name": "0510210200",
    "packaging": [
      {
        "minimumOrderQuantity": "1",
        "priceBreaks": [],
        "quantityAvailable": "579",
        "supplier": "Arrow",
        "type": "EACH",
        "unitPrice": "0.114",
      },
      {
        "minimumOrderQuantity": "580",
        "priceBreaks": [],
        "quantityAvailable": "3026",
        "supplier": "Arrow",
        "type": "EACH",
        "unitPrice": "0.107",
      },
      {
        "minimumOrderQuantity": "3027",
        "priceBreaks": [],
        "quantityAvailable": "4999",
        "supplier": "Arrow",
        "type": "EACH",
        "unitPrice": "0.0961",
      },
      {
        "minimumOrderQuantity": "5000",
        "priceBreaks": [],
        "quantityAvailable": "10999",
        "supplier": "Arrow",
        "type": "EACH",
        "unitPrice": "0.0828",
      },
      {
        "minimumOrderQuantity": "11000",
        "priceBreaks": [],
        "quantityAvailable": "12457",
        "supplier": "Arrow",
        "type": "EACH",
        "unitPrice": "0.0795",
      },
      {
        "minimumOrderQuantity": "12458",
        "priceBreaks": [],
        "quantityAvailable": "21999",
        "supplier": "Arrow",
        "type": "EACH",
        "unitPrice": "0.0666",
      },
      {
        "minimumOrderQuantity": "22000",
        "priceBreaks": [],
        "quantityAvailable": "199999",
        "supplier": "Arrow",
        "type": "EACH",
        "unitPrice": "0.0638",
      },
      {
        "minimumOrderQuantity": "200000",
        "priceBreaks": [],
        "quantityAvailable": "999999999",
        "supplier": "Arrow",
        "type": "EACH",
        "unitPrice": "0.061",
      },
    ],
    "productDoc": "https://download.siliconexpert.com/pdfs2/2023/3/7/6/25/48/761619/mol_/manual/0510210200_crimp_housings.pdf",
    "productImageUrl": "",
    "productUrl": "https://my.arrow.com/products/1790_18300573",
    "sourceParts": [],
    "specifications": [],
    "totalStock": 0,
  },
  {
    "description": "Conn Housing RCP 2 POS 1.25mm Crimp ST Cable Mount Natural PicoBlade™ Bag",
    "manufacturerLeadTime": undefined,
    "manufacturerName": "Molex",
    "name": "0510210200",
    "packaging": undefined,
    "productDoc": "https://download.siliconexpert.com/pdfs2/2023/3/7/6/25/48/761619/mol_/manual/0510210200_crimp_housings.pdf",
    "productImageUrl": "",
    "productUrl": "https://my.arrow.com/products/2348_06516206",
    "sourceParts": [],
    "specifications": [],
    "totalStock": 0,
  },
  {
    "description": "Conn Housing RCP 2 POS 1.25mm Crimp ST Cable Mount Natural PicoBlade™ Bag",
    "manufacturerLeadTime": 8,
    "manufacturerName": "Molex",
    "name": "0510210200",
    "packaging": [
      {
        "minimumOrderQuantity": "1",
        "priceBreaks": [],
        "quantityAvailable": "856",
        "supplier": "Arrow",
        "type": "EACH",
        "unitPrice": "0.0773",
      },
      {
        "minimumOrderQuantity": "857",
        "priceBreaks": [],
        "quantityAvailable": "4467",
        "supplier": "Arrow",
        "type": "EACH",
        "unitPrice": "0.0725",
      },
      {
        "minimumOrderQuantity": "4468",
        "priceBreaks": [],
        "quantityAvailable": "15220",
        "supplier": "Arrow",
        "type": "EACH",
        "unitPrice": "0.0651",
      },
      {
        "minimumOrderQuantity": "15221",
        "priceBreaks": [],
        "quantityAvailable": "24488659620",
        "supplier": "Arrow",
        "type": "EACH",
        "unitPrice": "0.0545",
      },
    ],
    "productDoc": "https://download.siliconexpert.com/pdfs2/2023/3/7/6/25/48/761619/mol_/manual/0510210200_crimp_housings.pdf",
    "productImageUrl": "",
    "productUrl": "https://my.arrow.com/products/1790_06516206",
    "sourceParts": [],
    "specifications": [],
    "totalStock": 385887,
  },
  {
    "description": "Headers & Wire Housings 1.25MM REC 02P FEMALE",
    "manufacturerLeadTime": NaN,
    "manufacturerName": "Molex",
    "name": "0510210200",
    "packaging": [
      {
        "minimumOrderQuantity": 42,
        "priceBreaks": [
          {
            "price": "0.065",
            "quantity": 100,
          },
          {
            "price": "0.064",
            "quantity": 250,
          },
        ],
        "quantityAvailable": 226274,
        "supplier": "TTI",
        "type": "Bulk",
        "unitPrice": 0.12,
      },
    ],
    "productDoc": "https://www.molex.com/pdm_docs/sd/510210200_sd.pdf",
    "productImageUrl": "https://www.mouser.com/images/molex/images/51021_SPL.jpg",
    "productUrl": "https://www.tti.com/content/ttiinc/en/apps/part-detail.html?partsNumber=0510210200&mfgShortname=MOL&utm=CAV016&channel=link&source=VISUAL%20COMMUNICATIONS%20CO&campaigns=tti-api",
    "sourceParts": [],
    "specifications": "https://www.molex.com/pdm_docs/sd/510210200_sd.pdf",
    "totalStock": 226274,
  },
  {
    "description": "Headers & Wire Housings RECEPTACLE 2P",
    "manufacturerLeadTime": NaN,
    "manufacturerName": "Molex",
    "name": "0510210200",
    "packaging": [
      {
        "minimumOrderQuantity": 42,
        "priceBreaks": [
          {
            "price": "0.065",
            "quantity": 100,
          },
          {
            "price": "0.064",
            "quantity": 250,
          },
        ],
        "quantityAvailable": 226274,
        "supplier": "TTI",
        "type": "Bulk",
        "unitPrice": 0.12,
      },
    ],
    "productDoc": "https://www.molex.com/content/dam/molex/molex-dot-com/products/automated/en-us/salesdrawingpdf/510/51021/510210200_sd.pdf",
    "productImageUrl": "https://www.mouser.com/images/molex/images/51021-0200_SPL.jpg",
    "productUrl": "https://www.tti.com/content/ttiinc/en/apps/part-detail.html?partsNumber=51021%2D0200&mfgShortname=MOL&utm=CAV016&channel=link&source=VISUAL%20COMMUNICATIONS%20CO&campaigns=tti-api",
    "sourceParts": [],
    "specifications": "https://www.molex.com/content/dam/molex/molex-dot-com/products/automated/en-us/salesdrawingpdf/510/51021/510210200_sd.pdf",
    "totalStock": 226274,
  },
]
`;
